Microchip MPLAB XC8 Compiler V2.40

Linker command line:

-W-3 \
  --edf=C:\Program Files\Microchip\xc8\v2.40\pic\dat\20220703182018_en.msgs \
  -cn -h+dist/default/production\LabC02.X.production.sym \
  --cmf=dist/default/production\LabC02.X.production.cmf -z -Q16F887 \
  -oC:\Users\Mining\AppData\Local\Temp\xcAsf8o.4 --defsym=__MPLAB_BUILD=1 \
  --fixupoverflow=error -Mdist/default/production/LabC02.X.production.map \
  --md=C:\Users\Mining\AppData\Local\Temp\xcAsf8o.dat -E1 -ver=XC8 Compiler \
  --acfsm=1493 -ACODE=00h-07FFhx4 -ASTRCODE=00h-01FFFh -ASTRING=00h-0FFhx32 \
  -ACONST=00h-0FFhx32 -AENTRY=00h-0FFhx32 -ACOMMON=070h-07Fh \
  -ABANK0=020h-06Fh -ABANK1=0A0h-0EFh -ABANK2=0110h-016Fh \
  -ABANK3=0190h-01EFh -ARAM=020h-06Fh,0A0h-0EFh,0110h-016Fh,0190h-01EFh \
  -AABS1=020h-07Fh,0A0h-0EFh,0110h-016Fh,0190h-01EFh -ASFR0=00h-01Fh \
  -ASFR1=080h-09Fh -ASFR2=0100h-010Fh -ASFR3=0180h-018Fh \
  -ACONFIG=02007h-02008h -DCONFIG=2 -AIDLOC=02000h-02003h -DIDLOC=2 \
  -AEEDATA=00h-0FFh/02100h -peeprom_data=EEDATA -DEEDATA=2 -DCODE=2 \
  -DSTRCODE=2 -DSTRING=2 -DCONST=2 -DENTRY=2 \
  -preset_vec=00h,intentry=04h,init,end_init -ppowerup=CODE -pcinit=CODE \
  -pfunctab=ENTRY -k C:\Users\Mining\AppData\Local\Temp\xcAsf8o.o \
  dist/default/production\LabC02.X.production.o 

Object code version is 3.11

Machine type is 16F887



                Name                               Link     Load   Length Selector   Space Scale
C:\Users\Mining\AppData\Local\Temp\xcAsf8o.o
                end_init                             10       10        3        8       0
                reset_vec                             0        0        3        0       0
                config                             2007     2007        2        0       4
                idloc                              2000     2000        4        0       5
dist/default/production\LabC02.X.production.o
                cinit                                13       13       14        8       0
                intentry                              4        4        C        8       0
                config                             2007     2007        2        0       4
                idloc                              2000     2000        4        0       5
                text16                              838      838       20     1070       0
                text15                              C5A      C5A      1D3     18B4       0
                text14                             1710     1710       78     2E20       0
                text13                             1788     1788       78     2F10       0
                text12                              7D8      7D8       27        8       0
                text11                              36C      36C      345        8       0
                text10                              9F7      9F7       B8     13EE       0
                text9                               6B1      6B1       FE        8       0
                text8                               7AF      7AF       29        8       0
                text7                                27       27      345        8       0
                text6                               AAF      AAF       BA     155E       0
                text5                               E2D      E2D      1D3     1C5A       0
                text4                               858      858       78     10B0       0
                text3                              169F     169F       71     2D3E       0
                text2                               957      957       A0     12AE       0
                text1                               8D0      8D0       87     11A0       0
                maintext                            B69      B69       F1     16D2       0
                cstackBANK0                          20       20       47       20       1
                cstackCOMMON                         70       70        E       70       1
                cstackBANK1                          A0       A0       50       A0       1
                cstackBANK3                         196      196        6      190       1
                bssBANK3                            190      190        6      190       1
                bssBANK0                             67       67        6       20       1

TOTAL           Name                               Link     Load   Length     Space
        CLASS   CODE           
                end_init                             10       10        3         0
                cinit                                13       13       14         0
                intentry                              4        4        C         0
                reset_vec                             0        0        3         0
                text16                              838      838       20         0
                text15                              C5A      C5A      1D3         0
                text14                             1710     1710       78         0
                text13                             1788     1788       78         0
                text12                              7D8      7D8       27         0
                text11                              36C      36C      345         0
                text10                              9F7      9F7       B8         0
                text9                               6B1      6B1       FE         0
                text8                               7AF      7AF       29         0
                text7                                27       27      345         0
                text6                               AAF      AAF       BA         0
                text5                               E2D      E2D      1D3         0
                text4                               858      858       78         0
                text3                              169F     169F       71         0
                text2                               957      957       A0         0
                text1                               8D0      8D0       87         0
                maintext                            B69      B69       F1         0

        CLASS   STRCODE        

        CLASS   STRING         

        CLASS   CONST          

        CLASS   ENTRY          

        CLASS   COMMON         
                cstackCOMMON                         70       70        E         1

        CLASS   BANK0          
                cstackBANK0                          20       20       47         1
                bssBANK0                             67       67        6         1

        CLASS   BANK1          
                cstackBANK1                          A0       A0       50         1

        CLASS   BANK2          

        CLASS   BANK3          
                cstackBANK3                         196      196        6         1
                bssBANK3                            190      190        6         1

        CLASS   RAM            

        CLASS   ABS1           
                abs_s1                               7E       7E        2         1

        CLASS   SFR0           

        CLASS   SFR1           

        CLASS   SFR2           

        CLASS   SFR3           

        CLASS   CONFIG         
                config                             2007     2007        2         4

        CLASS   IDLOC          
                idloc                              2000     2000        4         5

        CLASS   EEDATA         

        CLASS   STACK          



SEGMENTS        Name                           Load    Length   Top    Selector   Space  Class     Delta

                reset_vec                      000000  000003  000003         0       0  CODE        2
                intentry                       000004  0007FB  0007FF         8       0  CODE        2
                cstackBANK0                    000020  00004D  00006D        20       1  BANK0       1
                cstackCOMMON                   000070  00000E  00007E        70       1  COMMON      1
                cstackBANK1                    0000A0  000050  0000F0        A0       1  BANK1       1
                bssBANK3                       000190  00000C  00019C       190       1  BANK3       1
                text16                         000838  000020  000858      1070       0  CODE        2
                text4                          000858  000078  0008D0      10B0       0  CODE        2
                text1                          0008D0  000087  000957      11A0       0  CODE        2
                text2                          000957  0000A0  0009F7      12AE       0  CODE        2
                text10                         0009F7  0000B8  000AAF      13EE       0  CODE        2
                text6                          000AAF  0000BA  000B69      155E       0  CODE        2
                maintext                       000B69  0000F1  000C5A      16D2       0  CODE        2
                text15                         000C5A  0001D3  000E2D      18B4       0  CODE        2
                text5                          000E2D  0001D3  001000      1C5A       0  CODE        2
                text3                          00169F  000071  001710      2D3E       0  CODE        2
                text14                         001710  000078  001788      2E20       0  CODE        2
                text13                         001788  000078  001800      2F10       0  CODE        2


UNUSED ADDRESS RANGES

        Name                Unused          Largest block    Delta
        BANK0            006D-006F              3           1
        BANK2            0110-016F             60           1
        BANK3            019C-01EF             54           1
        CODE             0003-0003              1           2
                         07FF-0837              1
                         1000-169E            69F
                         1800-1FFF            800
        CONST            0003-0003              1           2
                         07FF-0837              1
                         1000-169E            100
                         1800-1FFF            100
        EEDATA           2100-21FF            100           2
        ENTRY            0003-0003              1           2
                         07FF-0837              1
                         1000-169E            100
                         1800-1FFF            100
        RAM              006D-006F              3           1
                         0110-016F             60
                         019C-01EF             54
        SFR0             0000-001F             20           1
        SFR1             0080-009F             20           1
        SFR2             0100-010F             10           1
        SFR3             0180-018F             10           1
        STRCODE          0003-0003              1           2
                         07FF-0837             39
                         1000-169E            69F
                         1800-1FFF            800
        STRING           0003-0003              1           2
                         07FF-0837              1
                         1000-169E            100
                         1800-1FFF            100

                                  Symbol Table

?__Umul8_16               cstackBANK1  00A0
?___fldiv                 cstackBANK1  00C8
?___flmul                 cstackBANK1  00AE
?___fltol                 cstackBANK1  00E2
?___xxtofl                cstackBANK1  00A0
?i1__Umul8_16             cstackCOMMON 0070
?i1___fldiv               cstackBANK0  0020
?i1___flmul               cstackBANK0  003A
?i1___fltol               cstackBANK0  003A
?i1___xxtofl              cstackCOMMON 0070
PWM_config@canal          cstackBANK3  0196
PWM_config@periodo_ms     cstackBANK1  00EC
PWM_duty@canal            cstackBANK3  0198
PWM_duty@duty             cstackBANK1  00EC
PWM_duty@particion        cstackBANK3  0199
_ADCON0bits               (abs)        001F
_ADCON1bits               (abs)        009F
_ADRESH                   (abs)        001E
_ANSELH                   (abs)        0189
_ANSELbits                (abs)        0188
_CCP1CONbits              (abs)        0017
_CCP2CONbits              (abs)        001D
_CCPR1L                   (abs)        0015
_CCPR2L                   (abs)        001B
_INTCONbits               (abs)        000B
_OPTION_REGbits           (abs)        0081
_OSCCONbits               (abs)        008F
_PIE1bits                 (abs)        008C
_PIR1bits                 (abs)        000C
_PORTA                    (abs)        0005
_PORTB                    (abs)        0006
_PORTC                    (abs)        0007
_PORTCbits                (abs)        0007
_PORTD                    (abs)        0008
_PORTE                    (abs)        0009
_PR2                      (abs)        0092
_PWM_config               text3        169F
_PWM_duty                 text2        0957
_T2CONbits                (abs)        0012
_TMR0                     (abs)        0001
_TRISB                    (abs)        0086
_TRISC                    (abs)        0087
_TRISCbits                (abs)        0087
_TRISD                    (abs)        0088
_TRISE                    (abs)        0089
__Habs1                   abs1         0000
__Hbank0                  bank0        0000
__Hbank1                  bank1        0000
__Hbank2                  bank2        0000
__Hbank3                  bank3        0000
__HbssBANK0               bssBANK0     0000
__HbssBANK3               bssBANK3     0000
__Hcinit                  cinit        0027
__Hclrtext                clrtext      0000
__Hcode                   code         0000
__Hcommon                 common       0000
__Hconfig                 config       2009
__HcstackBANK0            cstackBANK0  0000
__HcstackBANK1            cstackBANK1  0000
__HcstackBANK3            cstackBANK3  0000
__HcstackCOMMON           cstackCOMMON 0000
__Heeprom_data            eeprom_data  0000
__Hend_init               end_init     0013
__Hfunctab                functab      0000
__Hidloc                  idloc        2004
__Hinit                   init         0010
__Hintentry               intentry     0010
__Hmaintext               maintext     0000
__Hpowerup                powerup      0000
__Hram                    ram          0000
__Hreset_vec              reset_vec    0003
__Hsfr0                   sfr0         0000
__Hsfr1                   sfr1         0000
__Hsfr2                   sfr2         0000
__Hsfr3                   sfr3         0000
__Hspace_0                (abs)        1800
__Hspace_1                (abs)        019C
__Hspace_2                (abs)        0000
__Hspace_3                (abs)        0000
__Hspace_4                (abs)        4010
__Hstack                  stack        0000
__Hstrings                strings      0000
__Htext                   text         0000
__Labs1                   abs1         0000
__Lbank0                  bank0        0000
__Lbank1                  bank1        0000
__Lbank2                  bank2        0000
__Lbank3                  bank3        0000
__LbssBANK0               bssBANK0     0000
__LbssBANK3               bssBANK3     0000
__Lcinit                  cinit        0013
__Lclrtext                clrtext      0000
__Lcode                   code         0000
__Lcommon                 common       0000
__Lconfig                 config       0000
__LcstackBANK0            cstackBANK0  0000
__LcstackBANK1            cstackBANK1  0000
__LcstackBANK3            cstackBANK3  0000
__LcstackCOMMON           cstackCOMMON 0000
__Leeprom_data            eeprom_data  0000
__Lend_init               end_init     0010
__Lfunctab                functab      0000
__Lidloc                  idloc        0000
__Linit                   init         0010
__Lintentry               intentry     0004
__Lmaintext               maintext     0000
__Lpowerup                powerup      0000
__Lram                    ram          0000
__Lreset_vec              reset_vec    0000
__Lsfr0                   sfr0         0000
__Lsfr1                   sfr1         0000
__Lsfr2                   sfr2         0000
__Lsfr3                   sfr3         0000
__Lspace_0                (abs)        0000
__Lspace_1                (abs)        0000
__Lspace_2                (abs)        0000
__Lspace_3                (abs)        0000
__Lspace_4                (abs)        0000
__Lstack                  stack        0000
__Lstrings                strings      0000
__Ltext                   text         0000
__S0                      (abs)        1800
__S1                      (abs)        019C
__S3                      (abs)        0000
__Umul8_16                text8        07AF
__Umul8_16@multiplicand   cstackBANK1  00A0
__Umul8_16@multiplier     cstackBANK1  00A8
__Umul8_16@product        cstackBANK1  00A4
__Umul8_16@word_mpld      cstackBANK1  00A6
___fldiv                  text5        0E2D
___fldiv@a                cstackBANK1  00C8
___fldiv@aexp             cstackBANK1  00E1
___fldiv@b                cstackBANK1  00CC
___fldiv@bexp             cstackBANK1  00E0
___fldiv@grs              cstackBANK1  00DC
___fldiv@new_exp          cstackBANK1  00DA
___fldiv@rem              cstackBANK1  00D5
___fldiv@sign             cstackBANK1  00D9
___flmul                  text7        0027
___flmul@a                cstackBANK1  00B2
___flmul@aexp             cstackBANK1  00C0
___flmul@b                cstackBANK1  00AE
___flmul@bexp             cstackBANK1  00C1
___flmul@grs              cstackBANK1  00BC
___flmul@prod             cstackBANK1  00C2
___flmul@sign             cstackBANK1  00BB
___flmul@temp             cstackBANK1  00C6
___fltol                  text4        0858
___fltol@exp1             cstackBANK1  00EB
___fltol@f1               cstackBANK1  00E2
___fltol@sign1            cstackBANK1  00EA
___int_sp                 stack        0000
___latbits                (abs)        0002
___sp                     stack        0000
___stackhi                (abs)        0000
___stacklo                (abs)        0000
___xxtofl                 text6        0AAF
___xxtofl@arg             cstackBANK1  00AA
___xxtofl@exp             cstackBANK1  00A9
___xxtofl@sign            cstackBANK1  00A8
___xxtofl@val             cstackBANK1  00A0
__end_of_PWM_config       text3        1710
__end_of_PWM_duty         text2        09F7
__end_of__Umul8_16        text8        07D8
__end_of___fldiv          text5        1000
__end_of___flmul          text7        036C
__end_of___fltol          text4        08D0
__end_of___xxtofl         text6        0B69
__end_of__initialization  cinit        0023
__end_of_duty_cicle       text16       0858
__end_of_isr              text9        07AF
__end_of_main             maintext     0C5A
__end_of_setup            text1        0957
__end_ofi1_PWM_duty       text13       1800
__end_ofi1__Umul8_16      text12       07FF
__end_ofi1___fldiv        text15       0E2D
__end_ofi1___flmul        text11       06B1
__end_ofi1___fltol        text14       1788
__end_ofi1___xxtofl       text10       0AAF
__initialization          cinit        0013
__pbssBANK0               bssBANK0     0067
__pbssBANK3               bssBANK3     0190
__pcstackBANK0            cstackBANK0  0020
__pcstackBANK1            cstackBANK1  00A0
__pcstackBANK3            cstackBANK3  0196
__pcstackCOMMON           cstackCOMMON 0070
__pintentry               intentry     0004
__pmaintext               maintext     0B69
__ptext1                  text1        08D0
__ptext10                 text10       09F7
__ptext11                 text11       036C
__ptext12                 text12       07D8
__ptext13                 text13       1788
__ptext14                 text14       1710
__ptext15                 text15       0C5A
__ptext16                 text16       0838
__ptext2                  text2        0957
__ptext3                  text3        169F
__ptext4                  text4        0858
__ptext5                  text5        0E2D
__ptext6                  text6        0AAF
__ptext7                  text7        0027
__ptext8                  text8        07AF
__ptext9                  text9        06B1
_dutyPot                  bssBANK0     0069
_duty_cicle               text16       0838
_i                        bssBANK0     006B
_isr                      text9        06B1
_isr$1218                 cstackBANK0  0063
_main                     maintext     0B69
_potMapeado               bssBANK3     0190
_potenciometro            bssBANK3     0194
_setup                    text1        08D0
btemp                     (abs)        007E
duty_cicle@ciclo          cstackCOMMON 0070
end_of_initialization     cinit        0023
i1PWM_duty@canal          cstackBANK0  005A
i1PWM_duty@duty           cstackBANK0  0054
i1PWM_duty@particion      cstackBANK0  005B
i1_PWM_duty               text13       1788
i1__Umul8_16              text12       07D8
i1__Umul8_16@multiplicand cstackCOMMON 0070
i1__Umul8_16@multiplier   cstackCOMMON 0078
i1__Umul8_16@product      cstackCOMMON 0074
i1__Umul8_16@word_mpld    cstackCOMMON 0076
i1___fldiv                text15       0C5A
i1___fldiv@a              cstackBANK0  0020
i1___fldiv@aexp           cstackBANK0  0039
i1___fldiv@b              cstackBANK0  0024
i1___fldiv@bexp           cstackBANK0  0038
i1___fldiv@grs            cstackBANK0  0034
i1___fldiv@new_exp        cstackBANK0  0032
i1___fldiv@rem            cstackBANK0  002D
i1___fldiv@sign           cstackBANK0  0031
i1___flmul                text11       036C
i1___flmul@a              cstackBANK0  003E
i1___flmul@aexp           cstackBANK0  004C
i1___flmul@b              cstackBANK0  003A
i1___flmul@bexp           cstackBANK0  004D
i1___flmul@grs            cstackBANK0  0048
i1___flmul@prod           cstackBANK0  004E
i1___flmul@sign           cstackBANK0  0047
i1___flmul@temp           cstackBANK0  0052
i1___fltol                text14       1710
i1___fltol@exp1           cstackBANK0  0043
i1___fltol@f1             cstackBANK0  003A
i1___fltol@sign1          cstackBANK0  0042
i1___xxtofl               text10       09F7
i1___xxtofl@arg           cstackCOMMON 007A
i1___xxtofl@exp           cstackCOMMON 0079
i1___xxtofl@sign          cstackCOMMON 0078
i1___xxtofl@val           cstackCOMMON 0070
interrupt_function        intentry     0004
intlevel0                 functab      0000
intlevel1                 functab      0000
intlevel2                 functab      0000
intlevel3                 functab      0000
intlevel4                 functab      0000
intlevel5                 functab      0000
reset_vec                 reset_vec    0000
saved_w                   (abs)        007E
start                     init         0010
start_initialization      cinit        0013
wtemp0                    (abs)        007E


MODULE INFORMATION

Module		Function		Class		Link	Load	Size
C:\Program Files\Microchip\xc8\v2.40\pic\sources\c90\common\fltol.c
		___fltol       		CODE           	0858	0000	120

C:\Program Files\Microchip\xc8\v2.40\pic\sources\c90\common\fltol.c estimated size: 120

PWM_SERVO.c
		_PWM_config    		CODE           	169F	0000	113
		_PWM_duty      		CODE           	0957	0000	160

PWM_SERVO.c estimated size: 273

C:\Program Files\Microchip\xc8\v2.40\pic\sources\c90\common\sprcmul.c
		___flmul       		CODE           	0027	0000	837

C:\Program Files\Microchip\xc8\v2.40\pic\sources\c90\common\sprcmul.c estimated size: 837

C:\Program Files\Microchip\xc8\v2.40\pic\sources\c90\common\sprcdiv.c
		___fldiv       		CODE           	0E2D	0000	467

C:\Program Files\Microchip\xc8\v2.40\pic\sources\c90\common\sprcdiv.c estimated size: 467

C:\Program Files\Microchip\xc8\v2.40\pic\sources\c90\common\Umul8_16.c
		__Umul8_16     		CODE           	07AF	0000	41

C:\Program Files\Microchip\xc8\v2.40\pic\sources\c90\common\Umul8_16.c estimated size: 41

shared
		i1_PWM_duty    		CODE           	1788	0000	120
		i1__Umul8_16   		CODE           	07D8	0000	39
		i1___fldiv     		CODE           	0C5A	0000	467
		i1___fltol     		CODE           	1710	0000	120
		__initialization		CODE           	0013	0000	16
		i1___flmul     		CODE           	036C	0000	837
		i1___xxtofl    		CODE           	09F7	0000	184

shared estimated size: 1783

PostLabC02.c
		_main          		CODE           	0B69	0000	241
		_isr           		CODE           	06B1	0000	254
		_duty_cicle    		CODE           	0838	0000	32
		_setup         		CODE           	08D0	0000	135

PostLabC02.c estimated size: 662

C:\Program Files\Microchip\xc8\v2.40\pic\sources\c90\common\xxtofl.c
		___xxtofl      		CODE           	0AAF	0000	186

C:\Program Files\Microchip\xc8\v2.40\pic\sources\c90\common\xxtofl.c estimated size: 186

