Microchip MPLAB XC8 Compiler V2.40

Linker command line:

-W-3 \
  --edf=C:\Program Files\Microchip\xc8\v2.40\pic\dat\20220703182018_en.msgs \
  -cn -h+dist/default/production\LabC02.X.production.sym \
  --cmf=dist/default/production\LabC02.X.production.cmf -z -Q16F887 \
  -oC:\Users\Mining\AppData\Local\Temp\xcAsbmc.4 --defsym=__MPLAB_BUILD=1 \
  --fixupoverflow=error -Mdist/default/production/LabC02.X.production.map \
  --md=C:\Users\Mining\AppData\Local\Temp\xcAsbmc.dat -E1 -ver=XC8 Compiler \
  --acfsm=1493 -ACODE=00h-07FFhx4 -ASTRCODE=00h-01FFFh -ASTRING=00h-0FFhx32 \
  -ACONST=00h-0FFhx32 -AENTRY=00h-0FFhx32 -ACOMMON=070h-07Fh \
  -ABANK0=020h-06Fh -ABANK1=0A0h-0EFh -ABANK2=0110h-016Fh \
  -ABANK3=0190h-01EFh -ARAM=020h-06Fh,0A0h-0EFh,0110h-016Fh,0190h-01EFh \
  -AABS1=020h-07Fh,0A0h-0EFh,0110h-016Fh,0190h-01EFh -ASFR0=00h-01Fh \
  -ASFR1=080h-09Fh -ASFR2=0100h-010Fh -ASFR3=0180h-018Fh \
  -ACONFIG=02007h-02008h -DCONFIG=2 -AIDLOC=02000h-02003h -DIDLOC=2 \
  -AEEDATA=00h-0FFh/02100h -peeprom_data=EEDATA -DEEDATA=2 -DCODE=2 \
  -DSTRCODE=2 -DSTRING=2 -DCONST=2 -DENTRY=2 \
  -preset_vec=00h,intentry=04h,init,end_init -ppowerup=CODE -pcinit=CODE \
  -pfunctab=ENTRY -k C:\Users\Mining\AppData\Local\Temp\xcAsbmc.o \
  dist/default/production\LabC02.X.production.o 

Object code version is 3.11

Machine type is 16F887



                Name                               Link     Load   Length Selector   Space Scale
C:\Users\Mining\AppData\Local\Temp\xcAsbmc.o
                end_init                             10       10        3        8       0
                reset_vec                             0        0        3        0       0
                config                             2007     2007        2        0       4
                idloc                              2000     2000        4        0       5
dist/default/production\LabC02.X.production.o
                cinit                                13       13       14        8       0
                intentry                              4        4        C        8       0
                config                             2007     2007        2        0       4
                idloc                              2000     2000        4        0       5
                text16                             15C4     15C4       22     2B88       0
                text15                              C5A      C5A      1D3     18B4       0
                text14                              81D      81D       27     103A       0
                text13                              36C      36C      345        8       0
                text12                             15E6     15E6       78     2BCC       0
                text11                              86D      86D       9D     10DA       0
                text10                              90A      90A       B8     1214       0
                text9                               6B1      6B1      138        8       0
                text8                               9C2      9C2       BA     1384       0
                text7                               E2D      E2D      1D3     1C5A       0
                text6                              1772     1772       8E     2EE4       0
                text5                              16E5     16E5       8D     2DCA       0
                text4                               844      844       29     1088       0
                text3                                27       27      345        8       0
                text2                               A7C      A7C       DD     14F8       0
                text1                              165E     165E       87     2CBC       0
                maintext                            B59      B59      101     16B2       0
                cstackBANK0                          20       20       4F       20       1
                cstackCOMMON                         70       70        E       70       1
                cstackBANK1                          A0       A0       48       A0       1
                cstackBANK3                         190      190       14      190       1
                bssBANK3                            1A4      1A4        8      190       1
                bssBANK1                             E8       E8        4       A0       1

TOTAL           Name                               Link     Load   Length     Space
        CLASS   CODE           
                end_init                             10       10        3         0
                cinit                                13       13       14         0
                intentry                              4        4        C         0
                reset_vec                             0        0        3         0
                text16                             15C4     15C4       22         0
                text15                              C5A      C5A      1D3         0
                text14                              81D      81D       27         0
                text13                              36C      36C      345         0
                text12                             15E6     15E6       78         0
                text11                              86D      86D       9D         0
                text10                              90A      90A       B8         0
                text9                               6B1      6B1      138         0
                text8                               9C2      9C2       BA         0
                text7                               E2D      E2D      1D3         0
                text6                              1772     1772       8E         0
                text5                              16E5     16E5       8D         0
                text4                               844      844       29         0
                text3                                27       27      345         0
                text2                               A7C      A7C       DD         0
                text1                              165E     165E       87         0
                maintext                            B59      B59      101         0

        CLASS   STRCODE        

        CLASS   STRING         

        CLASS   CONST          

        CLASS   ENTRY          

        CLASS   COMMON         
                cstackCOMMON                         70       70        E         1

        CLASS   BANK0          
                cstackBANK0                          20       20       4F         1

        CLASS   BANK1          
                cstackBANK1                          A0       A0       48         1
                bssBANK1                             E8       E8        4         1

        CLASS   BANK2          

        CLASS   BANK3          
                cstackBANK3                         190      190       14         1
                bssBANK3                            1A4      1A4        8         1

        CLASS   RAM            

        CLASS   ABS1           
                abs_s1                               7E       7E        2         1

        CLASS   SFR0           

        CLASS   SFR1           

        CLASS   SFR2           

        CLASS   SFR3           

        CLASS   CONFIG         
                config                             2007     2007        2         4

        CLASS   IDLOC          
                idloc                              2000     2000        4         5

        CLASS   EEDATA         

        CLASS   STACK          



SEGMENTS        Name                           Load    Length   Top    Selector   Space  Class     Delta

                reset_vec                      000000  000003  000003         0       0  CODE        2
                intentry                       000004  0007E5  0007E9         8       0  CODE        2
                cstackBANK0                    000020  00004F  00006F        20       1  BANK0       1
                cstackCOMMON                   000070  00000E  00007E        70       1  COMMON      1
                cstackBANK1                    0000A0  00004C  0000EC        A0       1  BANK1       1
                cstackBANK3                    000190  00001C  0001AC       190       1  BANK3       1
                text14                         00081D  000027  000844      103A       0  CODE        2
                text4                          000844  000029  00086D      1088       0  CODE        2
                text11                         00086D  00009D  00090A      10DA       0  CODE        2
                text10                         00090A  0000B8  0009C2      1214       0  CODE        2
                text8                          0009C2  0000BA  000A7C      1384       0  CODE        2
                text2                          000A7C  0000DD  000B59      14F8       0  CODE        2
                maintext                       000B59  000101  000C5A      16B2       0  CODE        2
                text15                         000C5A  0001D3  000E2D      18B4       0  CODE        2
                text7                          000E2D  0001D3  001000      1C5A       0  CODE        2
                text16                         0015C4  000022  0015E6      2B88       0  CODE        2
                text12                         0015E6  000078  00165E      2BCC       0  CODE        2
                text1                          00165E  000087  0016E5      2CBC       0  CODE        2
                text5                          0016E5  00008D  001772      2DCA       0  CODE        2
                text6                          001772  00008E  001800      2EE4       0  CODE        2


UNUSED ADDRESS RANGES

        Name                Unused          Largest block    Delta
        BANK0            006F-006F              1           1
        BANK1            00EC-00EF              4           1
        BANK2            0110-016F             60           1
        BANK3            01AC-01EF             44           1
        CODE             0003-0003              1           2
                         07E9-081C             17
                         1000-15C3            5C4
                         1800-1FFF            800
        CONST            0003-0003              1           2
                         07E9-081C             17
                         1000-15C3            100
                         1800-1FFF            100
        EEDATA           2100-21FF            100           2
        ENTRY            0003-0003              1           2
                         07E9-081C             17
                         1000-15C3            100
                         1800-1FFF            100
        RAM              006F-006F              1           1
                         00EC-00EF              4
                         0110-016F             60
                         01AC-01EF             44
        SFR0             0000-001F             20           1
        SFR1             0080-009F             20           1
        SFR2             0100-010F             10           1
        SFR3             0180-018F             10           1
        STRCODE          0003-0003              1           2
                         07E9-081C             34
                         1000-15C3            5C4
                         1800-1FFF            800
        STRING           0003-0003              1           2
                         07E9-081C             17
                         1000-15C3            100
                         1800-1FFF            100

                                  Symbol Table

?__Umul8_16               cstackBANK1  00A4
?___fldiv                 cstackBANK1  00CC
?___flmul                 cstackBANK1  00B2
?___fltol                 cstackBANK3  0190
?___xxtofl                cstackBANK1  00A4
?i1__Umul8_16             cstackCOMMON 0070
?i1___fldiv               cstackBANK0  0020
?i1___flmul               cstackBANK0  003A
?i1___fltol               cstackBANK0  0054
?i1___xxtofl              cstackCOMMON 0070
PWM_config@canal          cstackBANK3  019C
PWM_config@periodo_ms     cstackBANK3  0198
PWM_duty@canal            cstackBANK3  019F
PWM_duty@duty             cstackBANK3  0198
PWM_duty@particion        cstackBANK3  01A0
_ADCON0bits               (abs)        001F
_ADCON1bits               (abs)        009F
_ADRESH                   (abs)        001E
_ANSELH                   (abs)        0189
_ANSELbits                (abs)        0188
_CCP1CONbits              (abs)        0017
_CCP2CONbits              (abs)        001D
_CCPR1L                   (abs)        0015
_CCPR2L                   (abs)        001B
_INTCONbits               (abs)        000B
_OPTION_REGbits           (abs)        0081
_OSCCONbits               (abs)        008F
_PIE1bits                 (abs)        008C
_PIR1bits                 (abs)        000C
_PORTA                    (abs)        0005
_PORTB                    (abs)        0006
_PORTC                    (abs)        0007
_PORTCbits                (abs)        0007
_PORTD                    (abs)        0008
_PORTE                    (abs)        0009
_PR2                      (abs)        0092
_PWM_config               text5        16E5
_PWM_duty                 text2        0A7C
_T2CONbits                (abs)        0012
_TMR0                     (abs)        0001
_TRISB                    (abs)        0086
_TRISC                    (abs)        0087
_TRISCbits                (abs)        0087
_TRISD                    (abs)        0088
_TRISE                    (abs)        0089
__Habs1                   abs1         0000
__Hbank0                  bank0        0000
__Hbank1                  bank1        0000
__Hbank2                  bank2        0000
__Hbank3                  bank3        0000
__HbssBANK1               bssBANK1     0000
__HbssBANK3               bssBANK3     0000
__Hcinit                  cinit        0027
__Hclrtext                clrtext      0000
__Hcode                   code         0000
__Hcommon                 common       0000
__Hconfig                 config       2009
__HcstackBANK0            cstackBANK0  0000
__HcstackBANK1            cstackBANK1  0000
__HcstackBANK3            cstackBANK3  0000
__HcstackCOMMON           cstackCOMMON 0000
__Heeprom_data            eeprom_data  0000
__Hend_init               end_init     0013
__Hfunctab                functab      0000
__Hidloc                  idloc        2004
__Hinit                   init         0010
__Hintentry               intentry     0010
__Hmaintext               maintext     0000
__Hpowerup                powerup      0000
__Hram                    ram          0000
__Hreset_vec              reset_vec    0003
__Hsfr0                   sfr0         0000
__Hsfr1                   sfr1         0000
__Hsfr2                   sfr2         0000
__Hsfr3                   sfr3         0000
__Hspace_0                (abs)        1800
__Hspace_1                (abs)        01AC
__Hspace_2                (abs)        0000
__Hspace_3                (abs)        0000
__Hspace_4                (abs)        4010
__Hstack                  stack        0000
__Hstrings                strings      0000
__Htext                   text         0000
__Labs1                   abs1         0000
__Lbank0                  bank0        0000
__Lbank1                  bank1        0000
__Lbank2                  bank2        0000
__Lbank3                  bank3        0000
__LbssBANK1               bssBANK1     0000
__LbssBANK3               bssBANK3     0000
__Lcinit                  cinit        0013
__Lclrtext                clrtext      0000
__Lcode                   code         0000
__Lcommon                 common       0000
__Lconfig                 config       0000
__LcstackBANK0            cstackBANK0  0000
__LcstackBANK1            cstackBANK1  0000
__LcstackBANK3            cstackBANK3  0000
__LcstackCOMMON           cstackCOMMON 0000
__Leeprom_data            eeprom_data  0000
__Lend_init               end_init     0010
__Lfunctab                functab      0000
__Lidloc                  idloc        0000
__Linit                   init         0010
__Lintentry               intentry     0004
__Lmaintext               maintext     0000
__Lpowerup                powerup      0000
__Lram                    ram          0000
__Lreset_vec              reset_vec    0000
__Lsfr0                   sfr0         0000
__Lsfr1                   sfr1         0000
__Lsfr2                   sfr2         0000
__Lsfr3                   sfr3         0000
__Lspace_0                (abs)        0000
__Lspace_1                (abs)        0000
__Lspace_2                (abs)        0000
__Lspace_3                (abs)        0000
__Lspace_4                (abs)        0000
__Lstack                  stack        0000
__Lstrings                strings      0000
__Ltext                   text         0000
__S0                      (abs)        1800
__S1                      (abs)        01AC
__S3                      (abs)        0000
__Umul8_16                text4        0844
__Umul8_16@multiplicand   cstackBANK1  00A4
__Umul8_16@multiplier     cstackBANK1  00AC
__Umul8_16@product        cstackBANK1  00A8
__Umul8_16@word_mpld      cstackBANK1  00AA
___fldiv                  text7        0E2D
___fldiv@a                cstackBANK1  00CC
___fldiv@aexp             cstackBANK1  00E5
___fldiv@b                cstackBANK1  00D0
___fldiv@bexp             cstackBANK1  00E4
___fldiv@grs              cstackBANK1  00E0
___fldiv@new_exp          cstackBANK1  00DE
___fldiv@rem              cstackBANK1  00D9
___fldiv@sign             cstackBANK1  00DD
___flmul                  text3        0027
___flmul@a                cstackBANK1  00B6
___flmul@aexp             cstackBANK1  00C4
___flmul@b                cstackBANK1  00B2
___flmul@bexp             cstackBANK1  00C5
___flmul@grs              cstackBANK1  00C0
___flmul@prod             cstackBANK1  00C6
___flmul@sign             cstackBANK1  00BF
___flmul@temp             cstackBANK1  00CA
___fltol                  text6        1772
___fltol@exp1             cstackBANK1  00E7
___fltol@f1               cstackBANK3  0190
___fltol@sign1            cstackBANK1  00E6
___int_sp                 stack        0000
___latbits                (abs)        0002
___sp                     stack        0000
___stackhi                (abs)        0000
___stacklo                (abs)        0000
___xxtofl                 text8        09C2
___xxtofl@arg             cstackBANK1  00AE
___xxtofl@exp             cstackBANK1  00AD
___xxtofl@sign            cstackBANK1  00AC
___xxtofl@val             cstackBANK1  00A4
__end_of_PWM_config       text5        1772
__end_of_PWM_duty         text2        0B59
__end_of__Umul8_16        text4        086D
__end_of___fldiv          text7        1000
__end_of___flmul          text3        036C
__end_of___fltol          text6        1800
__end_of___xxtofl         text8        0A7C
__end_of__initialization  cinit        0023
__end_of_duty_cicle       text16       15E6
__end_of_isr              text9        07E9
__end_of_main             maintext     0C5A
__end_of_setup            text1        16E5
__end_ofi1_PWM_duty       text11       090A
__end_ofi1__Umul8_16      text14       0844
__end_ofi1___fldiv        text15       0E2D
__end_ofi1___flmul        text13       06B1
__end_ofi1___fltol        text12       165E
__end_ofi1___xxtofl       text10       09C2
__initialization          cinit        0013
__pbssBANK1               bssBANK1     00E8
__pbssBANK3               bssBANK3     01A4
__pcstackBANK0            cstackBANK0  0020
__pcstackBANK1            cstackBANK1  00A0
__pcstackBANK3            cstackBANK3  0190
__pcstackCOMMON           cstackCOMMON 0070
__pintentry               intentry     0004
__pmaintext               maintext     0B59
__ptext1                  text1        165E
__ptext10                 text10       090A
__ptext11                 text11       086D
__ptext12                 text12       15E6
__ptext13                 text13       036C
__ptext14                 text14       081D
__ptext15                 text15       0C5A
__ptext16                 text16       15C4
__ptext2                  text2        0A7C
__ptext3                  text3        0027
__ptext4                  text4        0844
__ptext5                  text5        16E5
__ptext6                  text6        1772
__ptext7                  text7        0E2D
__ptext8                  text8        09C2
__ptext9                  text9        06B1
_dutyPot                  bssBANK1     00E8
_duty_cicle               text16       15C4
_i                        bssBANK1     00EA
_isr                      text9        06B1
_isr$1218                 cstackBANK1  00A0
_main                     maintext     0B59
_potMapeado               bssBANK3     01A6
_potenciometro            bssBANK3     01AA
_setup                    text1        165E
btemp                     (abs)        007E
duty_cicle@ciclo          cstackCOMMON 0070
end_of_initialization     cinit        0023
i1PWM_duty@canal          cstackBANK0  0065
i1PWM_duty@duty           cstackBANK0  005E
i1PWM_duty@particion      cstackBANK0  0066
i1_PWM_duty               text11       086D
i1__Umul8_16              text14       081D
i1__Umul8_16@multiplicand cstackCOMMON 0070
i1__Umul8_16@multiplier   cstackCOMMON 0078
i1__Umul8_16@product      cstackCOMMON 0074
i1__Umul8_16@word_mpld    cstackCOMMON 0076
i1___fldiv                text15       0C5A
i1___fldiv@a              cstackBANK0  0020
i1___fldiv@aexp           cstackBANK0  0039
i1___fldiv@b              cstackBANK0  0024
i1___fldiv@bexp           cstackBANK0  0038
i1___fldiv@grs            cstackBANK0  0034
i1___fldiv@new_exp        cstackBANK0  0032
i1___fldiv@rem            cstackBANK0  002D
i1___fldiv@sign           cstackBANK0  0031
i1___flmul                text13       036C
i1___flmul@a              cstackBANK0  003E
i1___flmul@aexp           cstackBANK0  004C
i1___flmul@b              cstackBANK0  003A
i1___flmul@bexp           cstackBANK0  004D
i1___flmul@grs            cstackBANK0  0048
i1___flmul@prod           cstackBANK0  004E
i1___flmul@sign           cstackBANK0  0047
i1___flmul@temp           cstackBANK0  0052
i1___fltol                text12       15E6
i1___fltol@exp1           cstackBANK0  005D
i1___fltol@f1             cstackBANK0  0054
i1___fltol@sign1          cstackBANK0  005C
i1___xxtofl               text10       090A
i1___xxtofl@arg           cstackCOMMON 007A
i1___xxtofl@exp           cstackCOMMON 0079
i1___xxtofl@sign          cstackCOMMON 0078
i1___xxtofl@val           cstackCOMMON 0070
interrupt_function        intentry     0004
intlevel0                 functab      0000
intlevel1                 functab      0000
intlevel2                 functab      0000
intlevel3                 functab      0000
intlevel4                 functab      0000
intlevel5                 functab      0000
reset_vec                 reset_vec    0000
saved_w                   (abs)        007E
start                     init         0010
start_initialization      cinit        0013
wtemp0                    (abs)        007E


MODULE INFORMATION

Module		Function		Class		Link	Load	Size
C:\Program Files\Microchip\xc8\v2.40\pic\sources\c90\common\fltol.c
		___fltol       		CODE           	1772	0000	142

C:\Program Files\Microchip\xc8\v2.40\pic\sources\c90\common\fltol.c estimated size: 142

PWM_SERVO.c
		_PWM_config    		CODE           	16E5	0000	141
		_PWM_duty      		CODE           	0A7C	0000	221

PWM_SERVO.c estimated size: 362

C:\Program Files\Microchip\xc8\v2.40\pic\sources\c90\common\sprcmul.c
		___flmul       		CODE           	0027	0000	837

C:\Program Files\Microchip\xc8\v2.40\pic\sources\c90\common\sprcmul.c estimated size: 837

C:\Program Files\Microchip\xc8\v2.40\pic\sources\c90\common\sprcdiv.c
		___fldiv       		CODE           	0E2D	0000	467

C:\Program Files\Microchip\xc8\v2.40\pic\sources\c90\common\sprcdiv.c estimated size: 467

C:\Program Files\Microchip\xc8\v2.40\pic\sources\c90\common\Umul8_16.c
		__Umul8_16     		CODE           	0844	0000	41

C:\Program Files\Microchip\xc8\v2.40\pic\sources\c90\common\Umul8_16.c estimated size: 41

shared
		i1_PWM_duty    		CODE           	086D	0000	157
		i1__Umul8_16   		CODE           	081D	0000	39
		i1___fldiv     		CODE           	0C5A	0000	467
		i1___fltol     		CODE           	15E6	0000	120
		__initialization		CODE           	0013	0000	16
		i1___flmul     		CODE           	036C	0000	837
		i1___xxtofl    		CODE           	090A	0000	184

shared estimated size: 1820

PostLabC02.c
		_main          		CODE           	0B59	0000	257
		_isr           		CODE           	06B1	0000	312
		_duty_cicle    		CODE           	15C4	0000	34
		_setup         		CODE           	165E	0000	135

PostLabC02.c estimated size: 738

C:\Program Files\Microchip\xc8\v2.40\pic\sources\c90\common\xxtofl.c
		___xxtofl      		CODE           	09C2	0000	186

C:\Program Files\Microchip\xc8\v2.40\pic\sources\c90\common\xxtofl.c estimated size: 186

